Archive member included to satisfy reference by file (symbol)

c:/st/stm32cubeide_1.6.0/stm32cubeide/plugins/com.st.stm32cube.ide.mcu.externaltools.gnu-tools-for-stm32.9-2020-q2-update.win32_1.5.0.202011040924/tools/bin/../lib/gcc/arm-none-eabi/9.3.1/../../../../arm-none-eabi/lib/thumb/v7e-m+fp/hard\libc_nano.a(lib_a-exit.o)
                              c:/st/stm32cubeide_1.6.0/stm32cubeide/plugins/com.st.stm32cube.ide.mcu.externaltools.gnu-tools-for-stm32.9-2020-q2-update.win32_1.5.0.202011040924/tools/bin/../lib/gcc/arm-none-eabi/9.3.1/../../../../arm-none-eabi/lib/thumb/v7e-m+fp/hard/crt0.o (exit)
c:/st/stm32cubeide_1.6.0/stm32cubeide/plugins/com.st.stm32cube.ide.mcu.externaltools.gnu-tools-for-stm32.9-2020-q2-update.win32_1.5.0.202011040924/tools/bin/../lib/gcc/arm-none-eabi/9.3.1/../../../../arm-none-eabi/lib/thumb/v7e-m+fp/hard\libc_nano.a(lib_a-impure.o)
                              c:/st/stm32cubeide_1.6.0/stm32cubeide/plugins/com.st.stm32cube.ide.mcu.externaltools.gnu-tools-for-stm32.9-2020-q2-update.win32_1.5.0.202011040924/tools/bin/../lib/gcc/arm-none-eabi/9.3.1/../../../../arm-none-eabi/lib/thumb/v7e-m+fp/hard\libc_nano.a(lib_a-exit.o) (_global_impure_ptr)
c:/st/stm32cubeide_1.6.0/stm32cubeide/plugins/com.st.stm32cube.ide.mcu.externaltools.gnu-tools-for-stm32.9-2020-q2-update.win32_1.5.0.202011040924/tools/bin/../lib/gcc/arm-none-eabi/9.3.1/../../../../arm-none-eabi/lib/thumb/v7e-m+fp/hard\libc_nano.a(lib_a-init.o)
                              c:/st/stm32cubeide_1.6.0/stm32cubeide/plugins/com.st.stm32cube.ide.mcu.externaltools.gnu-tools-for-stm32.9-2020-q2-update.win32_1.5.0.202011040924/tools/bin/../lib/gcc/arm-none-eabi/9.3.1/../../../../arm-none-eabi/lib/thumb/v7e-m+fp/hard/crt0.o (__libc_init_array)
c:/st/stm32cubeide_1.6.0/stm32cubeide/plugins/com.st.stm32cube.ide.mcu.externaltools.gnu-tools-for-stm32.9-2020-q2-update.win32_1.5.0.202011040924/tools/bin/../lib/gcc/arm-none-eabi/9.3.1/../../../../arm-none-eabi/lib/thumb/v7e-m+fp/hard\libc_nano.a(lib_a-memset.o)
                              c:/st/stm32cubeide_1.6.0/stm32cubeide/plugins/com.st.stm32cube.ide.mcu.externaltools.gnu-tools-for-stm32.9-2020-q2-update.win32_1.5.0.202011040924/tools/bin/../lib/gcc/arm-none-eabi/9.3.1/../../../../arm-none-eabi/lib/thumb/v7e-m+fp/hard/crt0.o (memset)
c:/st/stm32cubeide_1.6.0/stm32cubeide/plugins/com.st.stm32cube.ide.mcu.externaltools.gnu-tools-for-stm32.9-2020-q2-update.win32_1.5.0.202011040924/tools/bin/../lib/gcc/arm-none-eabi/9.3.1/../../../../arm-none-eabi/lib/thumb/v7e-m+fp/hard\libnosys.a(_exit.o)
                              c:/st/stm32cubeide_1.6.0/stm32cubeide/plugins/com.st.stm32cube.ide.mcu.externaltools.gnu-tools-for-stm32.9-2020-q2-update.win32_1.5.0.202011040924/tools/bin/../lib/gcc/arm-none-eabi/9.3.1/../../../../arm-none-eabi/lib/thumb/v7e-m+fp/hard\libc_nano.a(lib_a-exit.o) (_exit)

Discarded input sections

 .text          0x0000000000000000        0x0 c:/st/stm32cubeide_1.6.0/stm32cubeide/plugins/com.st.stm32cube.ide.mcu.externaltools.gnu-tools-for-stm32.9-2020-q2-update.win32_1.5.0.202011040924/tools/bin/../lib/gcc/arm-none-eabi/9.3.1/thumb/v7e-m+fp/hard/crti.o
 .data          0x0000000000000000        0x0 c:/st/stm32cubeide_1.6.0/stm32cubeide/plugins/com.st.stm32cube.ide.mcu.externaltools.gnu-tools-for-stm32.9-2020-q2-update.win32_1.5.0.202011040924/tools/bin/../lib/gcc/arm-none-eabi/9.3.1/thumb/v7e-m+fp/hard/crti.o
 .bss           0x0000000000000000        0x0 c:/st/stm32cubeide_1.6.0/stm32cubeide/plugins/com.st.stm32cube.ide.mcu.externaltools.gnu-tools-for-stm32.9-2020-q2-update.win32_1.5.0.202011040924/tools/bin/../lib/gcc/arm-none-eabi/9.3.1/thumb/v7e-m+fp/hard/crti.o
 .data          0x0000000000000000        0x4 c:/st/stm32cubeide_1.6.0/stm32cubeide/plugins/com.st.stm32cube.ide.mcu.externaltools.gnu-tools-for-stm32.9-2020-q2-update.win32_1.5.0.202011040924/tools/bin/../lib/gcc/arm-none-eabi/9.3.1/thumb/v7e-m+fp/hard/crtbegin.o
 .text          0x0000000000000000       0x7c c:/st/stm32cubeide_1.6.0/stm32cubeide/plugins/com.st.stm32cube.ide.mcu.externaltools.gnu-tools-for-stm32.9-2020-q2-update.win32_1.5.0.202011040924/tools/bin/../lib/gcc/arm-none-eabi/9.3.1/../../../../arm-none-eabi/lib/thumb/v7e-m+fp/hard/crt0.o
 .data          0x0000000000000000        0x0 c:/st/stm32cubeide_1.6.0/stm32cubeide/plugins/com.st.stm32cube.ide.mcu.externaltools.gnu-tools-for-stm32.9-2020-q2-update.win32_1.5.0.202011040924/tools/bin/../lib/gcc/arm-none-eabi/9.3.1/../../../../arm-none-eabi/lib/thumb/v7e-m+fp/hard/crt0.o
 .bss           0x0000000000000000        0x0 c:/st/stm32cubeide_1.6.0/stm32cubeide/plugins/com.st.stm32cube.ide.mcu.externaltools.gnu-tools-for-stm32.9-2020-q2-update.win32_1.5.0.202011040924/tools/bin/../lib/gcc/arm-none-eabi/9.3.1/../../../../arm-none-eabi/lib/thumb/v7e-m+fp/hard/crt0.o
 .ARM.extab     0x0000000000000000        0x0 c:/st/stm32cubeide_1.6.0/stm32cubeide/plugins/com.st.stm32cube.ide.mcu.externaltools.gnu-tools-for-stm32.9-2020-q2-update.win32_1.5.0.202011040924/tools/bin/../lib/gcc/arm-none-eabi/9.3.1/../../../../arm-none-eabi/lib/thumb/v7e-m+fp/hard/crt0.o
 .ARM.exidx     0x0000000000000000       0x10 c:/st/stm32cubeide_1.6.0/stm32cubeide/plugins/com.st.stm32cube.ide.mcu.externaltools.gnu-tools-for-stm32.9-2020-q2-update.win32_1.5.0.202011040924/tools/bin/../lib/gcc/arm-none-eabi/9.3.1/../../../../arm-none-eabi/lib/thumb/v7e-m+fp/hard/crt0.o
 .ARM.attributes
                0x0000000000000000       0x1c c:/st/stm32cubeide_1.6.0/stm32cubeide/plugins/com.st.stm32cube.ide.mcu.externaltools.gnu-tools-for-stm32.9-2020-q2-update.win32_1.5.0.202011040924/tools/bin/../lib/gcc/arm-none-eabi/9.3.1/../../../../arm-none-eabi/lib/thumb/v7e-m+fp/hard/crt0.o
 .group         0x0000000000000000        0xc Src/003button_interrupt.o
 .group         0x0000000000000000        0xc Src/003button_interrupt.o
 .group         0x0000000000000000        0xc Src/003button_interrupt.o
 .group         0x0000000000000000        0xc Src/003button_interrupt.o
 .group         0x0000000000000000        0xc Src/003button_interrupt.o
 .group         0x0000000000000000        0xc Src/003button_interrupt.o
 .group         0x0000000000000000        0xc Src/003button_interrupt.o
 .group         0x0000000000000000        0xc Src/003button_interrupt.o
 .group         0x0000000000000000        0xc Src/003button_interrupt.o
 .group         0x0000000000000000        0xc Src/003button_interrupt.o
 .group         0x0000000000000000        0xc Src/003button_interrupt.o
 .group         0x0000000000000000        0xc Src/003button_interrupt.o
 .group         0x0000000000000000        0xc Src/003button_interrupt.o
 .group         0x0000000000000000        0xc Src/003button_interrupt.o
 .group         0x0000000000000000        0xc Src/003button_interrupt.o
 .group         0x0000000000000000        0xc Src/003button_interrupt.o
 .group         0x0000000000000000        0xc Src/003button_interrupt.o
 .group         0x0000000000000000        0xc Src/003button_interrupt.o
 .group         0x0000000000000000        0xc Src/003button_interrupt.o
 .group         0x0000000000000000        0xc Src/003button_interrupt.o
 .group         0x0000000000000000        0xc Src/003button_interrupt.o
 .group         0x0000000000000000        0xc Src/003button_interrupt.o
 .group         0x0000000000000000        0xc Src/003button_interrupt.o
 .group         0x0000000000000000        0xc Src/003button_interrupt.o
 .group         0x0000000000000000        0xc Src/003button_interrupt.o
 .group         0x0000000000000000        0xc Src/003button_interrupt.o
 .text          0x0000000000000000        0x0 Src/003button_interrupt.o
 .data          0x0000000000000000        0x0 Src/003button_interrupt.o
 .bss           0x0000000000000000        0x0 Src/003button_interrupt.o
 .text          0x0000000000000000       0x14 Startup/startup_stm32f407vgtx.o
 .data          0x0000000000000000        0x0 Startup/startup_stm32f407vgtx.o
 .bss           0x0000000000000000        0x0 Startup/startup_stm32f407vgtx.o
 .group         0x0000000000000000        0xc drivers/Src/stm32f407xx_gpio_driver.o
 .group         0x0000000000000000        0xc drivers/Src/stm32f407xx_gpio_driver.o
 .group         0x0000000000000000        0xc drivers/Src/stm32f407xx_gpio_driver.o
 .group         0x0000000000000000        0xc drivers/Src/stm32f407xx_gpio_driver.o
 .group         0x0000000000000000        0xc drivers/Src/stm32f407xx_gpio_driver.o
 .group         0x0000000000000000        0xc drivers/Src/stm32f407xx_gpio_driver.o
 .group         0x0000000000000000        0xc drivers/Src/stm32f407xx_gpio_driver.o
 .group         0x0000000000000000        0xc drivers/Src/stm32f407xx_gpio_driver.o
 .group         0x0000000000000000        0xc drivers/Src/stm32f407xx_gpio_driver.o
 .text          0x0000000000000000        0x0 drivers/Src/stm32f407xx_gpio_driver.o
 .data          0x0000000000000000        0x0 drivers/Src/stm32f407xx_gpio_driver.o
 .bss           0x0000000000000000        0x0 drivers/Src/stm32f407xx_gpio_driver.o
 .text.GPIO_DeInit
                0x0000000000000000      0x16c drivers/Src/stm32f407xx_gpio_driver.o
 .text.GPIO_ReadFromInputPin
                0x0000000000000000       0x30 drivers/Src/stm32f407xx_gpio_driver.o
 .text.GPIO_ReadFromInputPort
                0x0000000000000000       0x20 drivers/Src/stm32f407xx_gpio_driver.o
 .text.GPIO_WriteToOutputPin
                0x0000000000000000       0x4a drivers/Src/stm32f407xx_gpio_driver.o
 .text.GPIO_WriteToOutputPort
                0x0000000000000000       0x1e drivers/Src/stm32f407xx_gpio_driver.o
 .debug_macro   0x0000000000000000      0xab4 drivers/Src/stm32f407xx_gpio_driver.o
 .debug_macro   0x0000000000000000       0x22 drivers/Src/stm32f407xx_gpio_driver.o
 .debug_macro   0x0000000000000000       0x8e drivers/Src/stm32f407xx_gpio_driver.o
 .debug_macro   0x0000000000000000       0x51 drivers/Src/stm32f407xx_gpio_driver.o
 .debug_macro   0x0000000000000000      0x103 drivers/Src/stm32f407xx_gpio_driver.o
 .debug_macro   0x0000000000000000       0x6a drivers/Src/stm32f407xx_gpio_driver.o
 .debug_macro   0x0000000000000000      0x1df drivers/Src/stm32f407xx_gpio_driver.o
 .debug_macro   0x0000000000000000      0x350 drivers/Src/stm32f407xx_gpio_driver.o
 .debug_macro   0x0000000000000000       0xc4 drivers/Src/stm32f407xx_gpio_driver.o
 .text          0x0000000000000000        0x0 c:/st/stm32cubeide_1.6.0/stm32cubeide/plugins/com.st.stm32cube.ide.mcu.externaltools.gnu-tools-for-stm32.9-2020-q2-update.win32_1.5.0.202011040924/tools/bin/../lib/gcc/arm-none-eabi/9.3.1/../../../../arm-none-eabi/lib/thumb/v7e-m+fp/hard\libc_nano.a(lib_a-exit.o)
 .data          0x0000000000000000        0x0 c:/st/stm32cubeide_1.6.0/stm32cubeide/plugins/com.st.stm32cube.ide.mcu.externaltools.gnu-tools-for-stm32.9-2020-q2-update.win32_1.5.0.202011040924/tools/bin/../lib/gcc/arm-none-eabi/9.3.1/../../../../arm-none-eabi/lib/thumb/v7e-m+fp/hard\libc_nano.a(lib_a-exit.o)
 .bss           0x0000000000000000        0x0 c:/st/stm32cubeide_1.6.0/stm32cubeide/plugins/com.st.stm32cube.ide.mcu.externaltools.gnu-tools-for-stm32.9-2020-q2-update.win32_1.5.0.202011040924/tools/bin/../lib/gcc/arm-none-eabi/9.3.1/../../../../arm-none-eabi/lib/thumb/v7e-m+fp/hard\libc_nano.a(lib_a-exit.o)
 .text.exit     0x0000000000000000       0x28 c:/st/stm32cubeide_1.6.0/stm32cubeide/plugins/com.st.stm32cube.ide.mcu.externaltools.gnu-tools-for-stm32.9-2020-q2-update.win32_1.5.0.202011040924/tools/bin/../lib/gcc/arm-none-eabi/9.3.1/../../../../arm-none-eabi/lib/thumb/v7e-m+fp/hard\libc_nano.a(lib_a-exit.o)
 .debug_frame   0x0000000000000000       0x28 c:/st/stm32cubeide_1.6.0/stm32cubeide/plugins/com.st.stm32cube.ide.mcu.externaltools.gnu-tools-for-stm32.9-2020-q2-update.win32_1.5.0.202011040924/tools/bin/../lib/gcc/arm-none-eabi/9.3.1/../../../../arm-none-eabi/lib/thumb/v7e-m+fp/hard\libc_nano.a(lib_a-exit.o)
 .ARM.attributes
                0x0000000000000000       0x34 c:/st/stm32cubeide_1.6.0/stm32cubeide/plugins/com.st.stm32cube.ide.mcu.externaltools.gnu-tools-for-stm32.9-2020-q2-update.win32_1.5.0.202011040924/tools/bin/../lib/gcc/arm-none-eabi/9.3.1/../../../../arm-none-eabi/lib/thumb/v7e-m+fp/hard\libc_nano.a(lib_a-exit.o)
 .text          0x0000000000000000        0x0 c:/st/stm32cubeide_1.6.0/stm32cubeide/plugins/com.st.stm32cube.ide.mcu.externaltools.gnu-tools-for-stm32.9-2020-q2-update.win32_1.5.0.202011040924/tools/bin/../lib/gcc/arm-none-eabi/9.3.1/../../../../arm-none-eabi/lib/thumb/v7e-m+fp/hard\libc_nano.a(lib_a-impure.o)
 .data          0x0000000000000000        0x0 c:/st/stm32cubeide_1.6.0/stm32cubeide/plugins/com.st.stm32cube.ide.mcu.externaltools.gnu-tools-for-stm32.9-2020-q2-update.win32_1.5.0.202011040924/tools/bin/../lib/gcc/arm-none-eabi/9.3.1/../../../../arm-none-eabi/lib/thumb/v7e-m+fp/hard\libc_nano.a(lib_a-impure.o)
 .bss           0x0000000000000000        0x0 c:/st/stm32cubeide_1.6.0/stm32cubeide/plugins/com.st.stm32cube.ide.mcu.externaltools.gnu-tools-for-stm32.9-2020-q2-update.win32_1.5.0.202011040924/tools/bin/../lib/gcc/arm-none-eabi/9.3.1/../../../../arm-none-eabi/lib/thumb/v7e-m+fp/hard\libc_nano.a(lib_a-impure.o)
 .data._impure_ptr
                0x0000000000000000        0x4 c:/st/stm32cubeide_1.6.0/stm32cubeide/plugins/com.st.stm32cube.ide.mcu.externaltools.gnu-tools-for-stm32.9-2020-q2-update.win32_1.5.0.202011040924/tools/bin/../lib/gcc/arm-none-eabi/9.3.1/../../../../arm-none-eabi/lib/thumb/v7e-m+fp/hard\libc_nano.a(lib_a-impure.o)
 .data.impure_data
                0x0000000000000000       0x60 c:/st/stm32cubeide_1.6.0/stm32cubeide/plugins/com.st.stm32cube.ide.mcu.externaltools.gnu-tools-for-stm32.9-2020-q2-update.win32_1.5.0.202011040924/tools/bin/../lib/gcc/arm-none-eabi/9.3.1/../../../../arm-none-eabi/lib/thumb/v7e-m+fp/hard\libc_nano.a(lib_a-impure.o)
 .rodata._global_impure_ptr
                0x0000000000000000        0x4 c:/st/stm32cubeide_1.6.0/stm32cubeide/plugins/com.st.stm32cube.ide.mcu.externaltools.gnu-tools-for-stm32.9-2020-q2-update.win32_1.5.0.202011040924/tools/bin/../lib/gcc/arm-none-eabi/9.3.1/../../../../arm-none-eabi/lib/thumb/v7e-m+fp/hard\libc_nano.a(lib_a-impure.o)
 .ARM.attributes
                0x0000000000000000       0x32 c:/st/stm32cubeide_1.6.0/stm32cubeide/plugins/com.st.stm32cube.ide.mcu.externaltools.gnu-tools-for-stm32.9-2020-q2-update.win32_1.5.0.202011040924/tools/bin/../lib/gcc/arm-none-eabi/9.3.1/../../../../arm-none-eabi/lib/thumb/v7e-m+fp/hard\libc_nano.a(lib_a-impure.o)
 .text          0x0000000000000000        0x0 c:/st/stm32cubeide_1.6.0/stm32cubeide/plugins/com.st.stm32cube.ide.mcu.externaltools.gnu-tools-for-stm32.9-2020-q2-update.win32_1.5.0.202011040924/tools/bin/../lib/gcc/arm-none-eabi/9.3.1/../../../../arm-none-eabi/lib/thumb/v7e-m+fp/hard\libc_nano.a(lib_a-init.o)
 .data          0x0000000000000000        0x0 c:/st/stm32cubeide_1.6.0/stm32cubeide/plugins/com.st.stm32cube.ide.mcu.externaltools.gnu-tools-for-stm32.9-2020-q2-update.win32_1.5.0.202011040924/tools/bin/../lib/gcc/arm-none-eabi/9.3.1/../../../../arm-none-eabi/lib/thumb/v7e-m+fp/hard\libc_nano.a(lib_a-init.o)
 .bss           0x0000000000000000        0x0 c:/st/stm32cubeide_1.6.0/stm32cubeide/plugins/com.st.stm32cube.ide.mcu.externaltools.gnu-tools-for-stm32.9-2020-q2-update.win32_1.5.0.202011040924/tools/bin/../lib/gcc/arm-none-eabi/9.3.1/../../../../arm-none-eabi/lib/thumb/v7e-m+fp/hard\libc_nano.a(lib_a-init.o)
 .text          0x0000000000000000        0x0 c:/st/stm32cubeide_1.6.0/stm32cubeide/plugins/com.st.stm32cube.ide.mcu.externaltools.gnu-tools-for-stm32.9-2020-q2-update.win32_1.5.0.202011040924/tools/bin/../lib/gcc/arm-none-eabi/9.3.1/../../../../arm-none-eabi/lib/thumb/v7e-m+fp/hard\libc_nano.a(lib_a-memset.o)
 .data          0x0000000000000000        0x0 c:/st/stm32cubeide_1.6.0/stm32cubeide/plugins/com.st.stm32cube.ide.mcu.externaltools.gnu-tools-for-stm32.9-2020-q2-update.win32_1.5.0.202011040924/tools/bin/../lib/gcc/arm-none-eabi/9.3.1/../../../../arm-none-eabi/lib/thumb/v7e-m+fp/hard\libc_nano.a(lib_a-memset.o)
 .bss           0x0000000000000000        0x0 c:/st/stm32cubeide_1.6.0/stm32cubeide/plugins/com.st.stm32cube.ide.mcu.externaltools.gnu-tools-for-stm32.9-2020-q2-update.win32_1.5.0.202011040924/tools/bin/../lib/gcc/arm-none-eabi/9.3.1/../../../../arm-none-eabi/lib/thumb/v7e-m+fp/hard\libc_nano.a(lib_a-memset.o)
 .text          0x0000000000000000        0x0 c:/st/stm32cubeide_1.6.0/stm32cubeide/plugins/com.st.stm32cube.ide.mcu.externaltools.gnu-tools-for-stm32.9-2020-q2-update.win32_1.5.0.202011040924/tools/bin/../lib/gcc/arm-none-eabi/9.3.1/../../../../arm-none-eabi/lib/thumb/v7e-m+fp/hard\libnosys.a(_exit.o)
 .data          0x0000000000000000        0x0 c:/st/stm32cubeide_1.6.0/stm32cubeide/plugins/com.st.stm32cube.ide.mcu.externaltools.gnu-tools-for-stm32.9-2020-q2-update.win32_1.5.0.202011040924/tools/bin/../lib/gcc/arm-none-eabi/9.3.1/../../../../arm-none-eabi/lib/thumb/v7e-m+fp/hard\libnosys.a(_exit.o)
 .bss           0x0000000000000000        0x0 c:/st/stm32cubeide_1.6.0/stm32cubeide/plugins/com.st.stm32cube.ide.mcu.externaltools.gnu-tools-for-stm32.9-2020-q2-update.win32_1.5.0.202011040924/tools/bin/../lib/gcc/arm-none-eabi/9.3.1/../../../../arm-none-eabi/lib/thumb/v7e-m+fp/hard\libnosys.a(_exit.o)
 .text._exit    0x0000000000000000        0x2 c:/st/stm32cubeide_1.6.0/stm32cubeide/plugins/com.st.stm32cube.ide.mcu.externaltools.gnu-tools-for-stm32.9-2020-q2-update.win32_1.5.0.202011040924/tools/bin/../lib/gcc/arm-none-eabi/9.3.1/../../../../arm-none-eabi/lib/thumb/v7e-m+fp/hard\libnosys.a(_exit.o)
 .debug_frame   0x0000000000000000       0x20 c:/st/stm32cubeide_1.6.0/stm32cubeide/plugins/com.st.stm32cube.ide.mcu.externaltools.gnu-tools-for-stm32.9-2020-q2-update.win32_1.5.0.202011040924/tools/bin/../lib/gcc/arm-none-eabi/9.3.1/../../../../arm-none-eabi/lib/thumb/v7e-m+fp/hard\libnosys.a(_exit.o)
 .ARM.attributes
                0x0000000000000000       0x34 c:/st/stm32cubeide_1.6.0/stm32cubeide/plugins/com.st.stm32cube.ide.mcu.externaltools.gnu-tools-for-stm32.9-2020-q2-update.win32_1.5.0.202011040924/tools/bin/../lib/gcc/arm-none-eabi/9.3.1/../../../../arm-none-eabi/lib/thumb/v7e-m+fp/hard\libnosys.a(_exit.o)
 .text          0x0000000000000000        0x0 c:/st/stm32cubeide_1.6.0/stm32cubeide/plugins/com.st.stm32cube.ide.mcu.externaltools.gnu-tools-for-stm32.9-2020-q2-update.win32_1.5.0.202011040924/tools/bin/../lib/gcc/arm-none-eabi/9.3.1/thumb/v7e-m+fp/hard/crtend.o
 .data          0x0000000000000000        0x0 c:/st/stm32cubeide_1.6.0/stm32cubeide/plugins/com.st.stm32cube.ide.mcu.externaltools.gnu-tools-for-stm32.9-2020-q2-update.win32_1.5.0.202011040924/tools/bin/../lib/gcc/arm-none-eabi/9.3.1/thumb/v7e-m+fp/hard/crtend.o
 .bss           0x0000000000000000        0x0 c:/st/stm32cubeide_1.6.0/stm32cubeide/plugins/com.st.stm32cube.ide.mcu.externaltools.gnu-tools-for-stm32.9-2020-q2-update.win32_1.5.0.202011040924/tools/bin/../lib/gcc/arm-none-eabi/9.3.1/thumb/v7e-m+fp/hard/crtend.o
 .eh_frame      0x0000000000000000        0x4 c:/st/stm32cubeide_1.6.0/stm32cubeide/plugins/com.st.stm32cube.ide.mcu.externaltools.gnu-tools-for-stm32.9-2020-q2-update.win32_1.5.0.202011040924/tools/bin/../lib/gcc/arm-none-eabi/9.3.1/thumb/v7e-m+fp/hard/crtend.o
 .ARM.attributes
                0x0000000000000000       0x32 c:/st/stm32cubeide_1.6.0/stm32cubeide/plugins/com.st.stm32cube.ide.mcu.externaltools.gnu-tools-for-stm32.9-2020-q2-update.win32_1.5.0.202011040924/tools/bin/../lib/gcc/arm-none-eabi/9.3.1/thumb/v7e-m+fp/hard/crtend.o
 .text          0x0000000000000000        0x0 c:/st/stm32cubeide_1.6.0/stm32cubeide/plugins/com.st.stm32cube.ide.mcu.externaltools.gnu-tools-for-stm32.9-2020-q2-update.win32_1.5.0.202011040924/tools/bin/../lib/gcc/arm-none-eabi/9.3.1/thumb/v7e-m+fp/hard/crtn.o
 .data          0x0000000000000000        0x0 c:/st/stm32cubeide_1.6.0/stm32cubeide/plugins/com.st.stm32cube.ide.mcu.externaltools.gnu-tools-for-stm32.9-2020-q2-update.win32_1.5.0.202011040924/tools/bin/../lib/gcc/arm-none-eabi/9.3.1/thumb/v7e-m+fp/hard/crtn.o
 .bss           0x0000000000000000        0x0 c:/st/stm32cubeide_1.6.0/stm32cubeide/plugins/com.st.stm32cube.ide.mcu.externaltools.gnu-tools-for-stm32.9-2020-q2-update.win32_1.5.0.202011040924/tools/bin/../lib/gcc/arm-none-eabi/9.3.1/thumb/v7e-m+fp/hard/crtn.o

Memory Configuration

Name             Origin             Length             Attributes
RAM              0x0000000020000000 0x0000000000020000 xrw
FLASH            0x0000000008000000 0x0000000000100000 xr
*default*        0x0000000000000000 0xffffffffffffffff

Linker script and memory map

LOAD c:/st/stm32cubeide_1.6.0/stm32cubeide/plugins/com.st.stm32cube.ide.mcu.externaltools.gnu-tools-for-stm32.9-2020-q2-update.win32_1.5.0.202011040924/tools/bin/../lib/gcc/arm-none-eabi/9.3.1/thumb/v7e-m+fp/hard/crti.o
LOAD c:/st/stm32cubeide_1.6.0/stm32cubeide/plugins/com.st.stm32cube.ide.mcu.externaltools.gnu-tools-for-stm32.9-2020-q2-update.win32_1.5.0.202011040924/tools/bin/../lib/gcc/arm-none-eabi/9.3.1/thumb/v7e-m+fp/hard/crtbegin.o
LOAD c:/st/stm32cubeide_1.6.0/stm32cubeide/plugins/com.st.stm32cube.ide.mcu.externaltools.gnu-tools-for-stm32.9-2020-q2-update.win32_1.5.0.202011040924/tools/bin/../lib/gcc/arm-none-eabi/9.3.1/../../../../arm-none-eabi/lib/thumb/v7e-m+fp/hard/crt0.o
LOAD Src/003button_interrupt.o
LOAD Startup/startup_stm32f407vgtx.o
LOAD drivers/Src/stm32f407xx_gpio_driver.o
START GROUP
LOAD c:/st/stm32cubeide_1.6.0/stm32cubeide/plugins/com.st.stm32cube.ide.mcu.externaltools.gnu-tools-for-stm32.9-2020-q2-update.win32_1.5.0.202011040924/tools/bin/../lib/gcc/arm-none-eabi/9.3.1/../../../../arm-none-eabi/lib/thumb/v7e-m+fp/hard\libc_nano.a
LOAD c:/st/stm32cubeide_1.6.0/stm32cubeide/plugins/com.st.stm32cube.ide.mcu.externaltools.gnu-tools-for-stm32.9-2020-q2-update.win32_1.5.0.202011040924/tools/bin/../lib/gcc/arm-none-eabi/9.3.1/../../../../arm-none-eabi/lib/thumb/v7e-m+fp/hard\libm.a
END GROUP
START GROUP
LOAD c:/st/stm32cubeide_1.6.0/stm32cubeide/plugins/com.st.stm32cube.ide.mcu.externaltools.gnu-tools-for-stm32.9-2020-q2-update.win32_1.5.0.202011040924/tools/bin/../lib/gcc/arm-none-eabi/9.3.1/thumb/v7e-m+fp/hard\libgcc.a
LOAD c:/st/stm32cubeide_1.6.0/stm32cubeide/plugins/com.st.stm32cube.ide.mcu.externaltools.gnu-tools-for-stm32.9-2020-q2-update.win32_1.5.0.202011040924/tools/bin/../lib/gcc/arm-none-eabi/9.3.1/../../../../arm-none-eabi/lib/thumb/v7e-m+fp/hard\libc_nano.a
END GROUP
START GROUP
LOAD c:/st/stm32cubeide_1.6.0/stm32cubeide/plugins/com.st.stm32cube.ide.mcu.externaltools.gnu-tools-for-stm32.9-2020-q2-update.win32_1.5.0.202011040924/tools/bin/../lib/gcc/arm-none-eabi/9.3.1/thumb/v7e-m+fp/hard\libgcc.a
LOAD c:/st/stm32cubeide_1.6.0/stm32cubeide/plugins/com.st.stm32cube.ide.mcu.externaltools.gnu-tools-for-stm32.9-2020-q2-update.win32_1.5.0.202011040924/tools/bin/../lib/gcc/arm-none-eabi/9.3.1/../../../../arm-none-eabi/lib/thumb/v7e-m+fp/hard\libc_nano.a
LOAD c:/st/stm32cubeide_1.6.0/stm32cubeide/plugins/com.st.stm32cube.ide.mcu.externaltools.gnu-tools-for-stm32.9-2020-q2-update.win32_1.5.0.202011040924/tools/bin/../lib/gcc/arm-none-eabi/9.3.1/../../../../arm-none-eabi/lib/thumb/v7e-m+fp/hard\libnosys.a
END GROUP
START GROUP
LOAD c:/st/stm32cubeide_1.6.0/stm32cubeide/plugins/com.st.stm32cube.ide.mcu.externaltools.gnu-tools-for-stm32.9-2020-q2-update.win32_1.5.0.202011040924/tools/bin/../lib/gcc/arm-none-eabi/9.3.1/thumb/v7e-m+fp/hard\libgcc.a
LOAD c:/st/stm32cubeide_1.6.0/stm32cubeide/plugins/com.st.stm32cube.ide.mcu.externaltools.gnu-tools-for-stm32.9-2020-q2-update.win32_1.5.0.202011040924/tools/bin/../lib/gcc/arm-none-eabi/9.3.1/../../../../arm-none-eabi/lib/thumb/v7e-m+fp/hard\libc_nano.a
LOAD c:/st/stm32cubeide_1.6.0/stm32cubeide/plugins/com.st.stm32cube.ide.mcu.externaltools.gnu-tools-for-stm32.9-2020-q2-update.win32_1.5.0.202011040924/tools/bin/../lib/gcc/arm-none-eabi/9.3.1/../../../../arm-none-eabi/lib/thumb/v7e-m+fp/hard\libnosys.a
END GROUP
LOAD c:/st/stm32cubeide_1.6.0/stm32cubeide/plugins/com.st.stm32cube.ide.mcu.externaltools.gnu-tools-for-stm32.9-2020-q2-update.win32_1.5.0.202011040924/tools/bin/../lib/gcc/arm-none-eabi/9.3.1/thumb/v7e-m+fp/hard/crtend.o
LOAD c:/st/stm32cubeide_1.6.0/stm32cubeide/plugins/com.st.stm32cube.ide.mcu.externaltools.gnu-tools-for-stm32.9-2020-q2-update.win32_1.5.0.202011040924/tools/bin/../lib/gcc/arm-none-eabi/9.3.1/thumb/v7e-m+fp/hard/crtn.o
                0x0000000020020000                _estack = (ORIGIN (RAM) + LENGTH (RAM))
                0x0000000000000200                _Min_Heap_Size = 0x200
                0x0000000000000400                _Min_Stack_Size = 0x400

.isr_vector     0x0000000008000000      0x1a8
                0x0000000008000000                . = ALIGN (0x4)
 *(.isr_vector)
 .isr_vector    0x0000000008000000      0x1a8 Startup/startup_stm32f407vgtx.o
                0x0000000008000000                g_pfnVectors
                0x00000000080001a8                . = ALIGN (0x4)

.text           0x00000000080001a8      0x90c
                0x00000000080001a8                . = ALIGN (0x4)
 *(.text)
 .text          0x00000000080001a8       0x40 c:/st/stm32cubeide_1.6.0/stm32cubeide/plugins/com.st.stm32cube.ide.mcu.externaltools.gnu-tools-for-stm32.9-2020-q2-update.win32_1.5.0.202011040924/tools/bin/../lib/gcc/arm-none-eabi/9.3.1/thumb/v7e-m+fp/hard/crtbegin.o
 *(.text*)
 .text.delay    0x00000000080001e8       0x2c Src/003button_interrupt.o
                0x00000000080001e8                delay
 .text.EXTI0_IRQHandler
                0x0000000008000214       0x20 Src/003button_interrupt.o
                0x0000000008000214                EXTI0_IRQHandler
 .text.main     0x0000000008000234       0x8c Src/003button_interrupt.o
                0x0000000008000234                main
 .text.Reset_Handler
                0x00000000080002c0       0x50 Startup/startup_stm32f407vgtx.o
                0x00000000080002c0                Reset_Handler
 .text.Default_Handler
                0x0000000008000310        0x2 Startup/startup_stm32f407vgtx.o
                0x0000000008000310                RTC_Alarm_IRQHandler
                0x0000000008000310                HASH_RNG_IRQHandler
                0x0000000008000310                EXTI2_IRQHandler
                0x0000000008000310                TIM8_CC_IRQHandler
                0x0000000008000310                DebugMon_Handler
                0x0000000008000310                TIM1_CC_IRQHandler
                0x0000000008000310                DMA2_Stream5_IRQHandler
                0x0000000008000310                HardFault_Handler
                0x0000000008000310                DMA1_Stream5_IRQHandler
                0x0000000008000310                SysTick_Handler
                0x0000000008000310                PVD_IRQHandler
                0x0000000008000310                SDIO_IRQHandler
                0x0000000008000310                TAMP_STAMP_IRQHandler
                0x0000000008000310                PendSV_Handler
                0x0000000008000310                NMI_Handler
                0x0000000008000310                CAN2_RX1_IRQHandler
                0x0000000008000310                EXTI3_IRQHandler
                0x0000000008000310                TIM8_TRG_COM_TIM14_IRQHandler
                0x0000000008000310                TIM1_UP_TIM10_IRQHandler
                0x0000000008000310                TIM8_UP_TIM13_IRQHandler
                0x0000000008000310                I2C3_ER_IRQHandler
                0x0000000008000310                LCD_TFT_IRQHandler
                0x0000000008000310                I2C2_EV_IRQHandler
                0x0000000008000310                DMA1_Stream2_IRQHandler
                0x0000000008000310                CAN1_RX0_IRQHandler
                0x0000000008000310                FPU_IRQHandler
                0x0000000008000310                OTG_HS_WKUP_IRQHandler
                0x0000000008000310                UsageFault_Handler
                0x0000000008000310                CAN2_SCE_IRQHandler
                0x0000000008000310                DMA2_Stream2_IRQHandler
                0x0000000008000310                SPI1_IRQHandler
                0x0000000008000310                TIM6_DAC_IRQHandler
                0x0000000008000310                TIM1_BRK_TIM9_IRQHandler
                0x0000000008000310                DCMI_IRQHandler
                0x0000000008000310                CAN2_RX0_IRQHandler
                0x0000000008000310                DMA2_Stream3_IRQHandler
                0x0000000008000310                USART6_IRQHandler
                0x0000000008000310                USART3_IRQHandler
                0x0000000008000310                CRYP_IRQHandler
                0x0000000008000310                CAN1_RX1_IRQHandler
                0x0000000008000310                UART5_IRQHandler
                0x0000000008000310                DMA2_Stream0_IRQHandler
                0x0000000008000310                TIM4_IRQHandler
                0x0000000008000310                I2C1_EV_IRQHandler
                0x0000000008000310                DMA1_Stream6_IRQHandler
                0x0000000008000310                DMA1_Stream1_IRQHandler
                0x0000000008000310                UART4_IRQHandler
                0x0000000008000310                LCD_TFT_1_IRQHandler
                0x0000000008000310                TIM3_IRQHandler
                0x0000000008000310                RCC_IRQHandler
                0x0000000008000310                TIM8_BRK_TIM12_IRQHandler
                0x0000000008000310                Default_Handler
                0x0000000008000310                EXTI15_10_IRQHandler
                0x0000000008000310                ADC_IRQHandler
                0x0000000008000310                DMA1_Stream7_IRQHandler
                0x0000000008000310                TIM7_IRQHandler
                0x0000000008000310                CAN2_TX_IRQHandler
                0x0000000008000310                TIM5_IRQHandler
                0x0000000008000310                DMA2_Stream7_IRQHandler
                0x0000000008000310                I2C3_EV_IRQHandler
                0x0000000008000310                EXTI9_5_IRQHandler
                0x0000000008000310                RTC_WKUP_IRQHandler
                0x0000000008000310                ETH_WKUP_IRQHandler
                0x0000000008000310                SPI2_IRQHandler
                0x0000000008000310                OTG_HS_EP1_IN_IRQHandler
                0x0000000008000310                MemManage_Handler
                0x0000000008000310                DMA1_Stream0_IRQHandler
                0x0000000008000310                CAN1_TX_IRQHandler
                0x0000000008000310                SVC_Handler
                0x0000000008000310                EXTI4_IRQHandler
                0x0000000008000310                FSMC_IRQHandler
                0x0000000008000310                ETH_IRQHandler
                0x0000000008000310                OTG_HS_EP1_OUT_IRQHandler
                0x0000000008000310                WWDG_IRQHandler
                0x0000000008000310                TIM2_IRQHandler
                0x0000000008000310                OTG_FS_WKUP_IRQHandler
                0x0000000008000310                TIM1_TRG_COM_TIM11_IRQHandler
                0x0000000008000310                OTG_HS_IRQHandler
                0x0000000008000310                EXTI1_IRQHandler
                0x0000000008000310                USART2_IRQHandler
                0x0000000008000310                I2C2_ER_IRQHandler
                0x0000000008000310                DMA2_Stream1_IRQHandler
                0x0000000008000310                CAN1_SCE_IRQHandler
                0x0000000008000310                DMA2_Stream4_IRQHandler
                0x0000000008000310                BusFault_Handler
                0x0000000008000310                USART1_IRQHandler
                0x0000000008000310                OTG_FS_IRQHandler
                0x0000000008000310                SPI3_IRQHandler
                0x0000000008000310                DMA1_Stream4_IRQHandler
                0x0000000008000310                I2C1_ER_IRQHandler
                0x0000000008000310                DMA2_Stream6_IRQHandler
                0x0000000008000310                DMA1_Stream3_IRQHandler
 *fill*         0x0000000008000312        0x2 
 .text.GPIO_PeriClockControl
                0x0000000008000314      0x1a0 drivers/Src/stm32f407xx_gpio_driver.o
                0x0000000008000314                GPIO_PeriClockControl
 .text.GPIO_Init
                0x00000000080004b4      0x3c4 drivers/Src/stm32f407xx_gpio_driver.o
                0x00000000080004b4                GPIO_Init
 .text.GPIO_ToggleOutputPin
                0x0000000008000878       0x2a drivers/Src/stm32f407xx_gpio_driver.o
                0x0000000008000878                GPIO_ToggleOutputPin
 *fill*         0x00000000080008a2        0x2 
 .text.GPIO_IRQInterruptConfig
                0x00000000080008a4      0x10c drivers/Src/stm32f407xx_gpio_driver.o
                0x00000000080008a4                GPIO_IRQInterruptConfig
 .text.GPIO_IRQPriorityConfig
                0x00000000080009b0       0x54 drivers/Src/stm32f407xx_gpio_driver.o
                0x00000000080009b0                GPIO_IRQPriorityConfig
 .text.GPIO_IRQHandling
                0x0000000008000a04       0x40 drivers/Src/stm32f407xx_gpio_driver.o
                0x0000000008000a04                GPIO_IRQHandling
 .text.__libc_init_array
                0x0000000008000a44       0x48 c:/st/stm32cubeide_1.6.0/stm32cubeide/plugins/com.st.stm32cube.ide.mcu.externaltools.gnu-tools-for-stm32.9-2020-q2-update.win32_1.5.0.202011040924/tools/bin/../lib/gcc/arm-none-eabi/9.3.1/../../../../arm-none-eabi/lib/thumb/v7e-m+fp/hard\libc_nano.a(lib_a-init.o)
                0x0000000008000a44                __libc_init_array
 .text.memset   0x0000000008000a8c       0x10 c:/st/stm32cubeide_1.6.0/stm32cubeide/plugins/com.st.stm32cube.ide.mcu.externaltools.gnu-tools-for-stm32.9-2020-q2-update.win32_1.5.0.202011040924/tools/bin/../lib/gcc/arm-none-eabi/9.3.1/../../../../arm-none-eabi/lib/thumb/v7e-m+fp/hard\libc_nano.a(lib_a-memset.o)
                0x0000000008000a8c                memset
 *(.glue_7)
 .glue_7        0x0000000008000a9c        0x0 linker stubs
 *(.glue_7t)
 .glue_7t       0x0000000008000a9c        0x0 linker stubs
 *(.eh_frame)
 .eh_frame      0x0000000008000a9c        0x0 c:/st/stm32cubeide_1.6.0/stm32cubeide/plugins/com.st.stm32cube.ide.mcu.externaltools.gnu-tools-for-stm32.9-2020-q2-update.win32_1.5.0.202011040924/tools/bin/../lib/gcc/arm-none-eabi/9.3.1/thumb/v7e-m+fp/hard/crtbegin.o
 *(.init)
 .init          0x0000000008000a9c        0x4 c:/st/stm32cubeide_1.6.0/stm32cubeide/plugins/com.st.stm32cube.ide.mcu.externaltools.gnu-tools-for-stm32.9-2020-q2-update.win32_1.5.0.202011040924/tools/bin/../lib/gcc/arm-none-eabi/9.3.1/thumb/v7e-m+fp/hard/crti.o
                0x0000000008000a9c                _init
 .init          0x0000000008000aa0        0x8 c:/st/stm32cubeide_1.6.0/stm32cubeide/plugins/com.st.stm32cube.ide.mcu.externaltools.gnu-tools-for-stm32.9-2020-q2-update.win32_1.5.0.202011040924/tools/bin/../lib/gcc/arm-none-eabi/9.3.1/thumb/v7e-m+fp/hard/crtn.o
 *(.fini)
 .fini          0x0000000008000aa8        0x4 c:/st/stm32cubeide_1.6.0/stm32cubeide/plugins/com.st.stm32cube.ide.mcu.externaltools.gnu-tools-for-stm32.9-2020-q2-update.win32_1.5.0.202011040924/tools/bin/../lib/gcc/arm-none-eabi/9.3.1/thumb/v7e-m+fp/hard/crti.o
                0x0000000008000aa8                _fini
 .fini          0x0000000008000aac        0x8 c:/st/stm32cubeide_1.6.0/stm32cubeide/plugins/com.st.stm32cube.ide.mcu.externaltools.gnu-tools-for-stm32.9-2020-q2-update.win32_1.5.0.202011040924/tools/bin/../lib/gcc/arm-none-eabi/9.3.1/thumb/v7e-m+fp/hard/crtn.o
                0x0000000008000ab4                . = ALIGN (0x4)
                0x0000000008000ab4                _etext = .

.vfp11_veneer   0x0000000008000ab4        0x0
 .vfp11_veneer  0x0000000008000ab4        0x0 linker stubs

.v4_bx          0x0000000008000ab4        0x0
 .v4_bx         0x0000000008000ab4        0x0 linker stubs

.iplt           0x0000000008000ab4        0x0
 .iplt          0x0000000008000ab4        0x0 c:/st/stm32cubeide_1.6.0/stm32cubeide/plugins/com.st.stm32cube.ide.mcu.externaltools.gnu-tools-for-stm32.9-2020-q2-update.win32_1.5.0.202011040924/tools/bin/../lib/gcc/arm-none-eabi/9.3.1/thumb/v7e-m+fp/hard/crtbegin.o

.rel.dyn        0x0000000008000ab4        0x0
 .rel.iplt      0x0000000008000ab4        0x0 c:/st/stm32cubeide_1.6.0/stm32cubeide/plugins/com.st.stm32cube.ide.mcu.externaltools.gnu-tools-for-stm32.9-2020-q2-update.win32_1.5.0.202011040924/tools/bin/../lib/gcc/arm-none-eabi/9.3.1/thumb/v7e-m+fp/hard/crtbegin.o

.rodata         0x0000000008000ab4        0x0
                0x0000000008000ab4                . = ALIGN (0x4)
 *(.rodata)
 *(.rodata*)
                0x0000000008000ab4                . = ALIGN (0x4)

.ARM.extab      0x0000000008000ab4        0x0
                0x0000000008000ab4                . = ALIGN (0x4)
 *(.ARM.extab* .gnu.linkonce.armextab.*)
                0x0000000008000ab4                . = ALIGN (0x4)

.ARM            0x0000000008000ab4        0x0
                0x0000000008000ab4                . = ALIGN (0x4)
                0x0000000008000ab4                __exidx_start = .
 *(.ARM.exidx*)
                0x0000000008000ab4                __exidx_end = .
                0x0000000008000ab4                . = ALIGN (0x4)

.preinit_array  0x0000000008000ab4        0x0
                0x0000000008000ab4                . = ALIGN (0x4)
                0x0000000008000ab4                PROVIDE (__preinit_array_start = .)
 *(.preinit_array*)
                0x0000000008000ab4                PROVIDE (__preinit_array_end = .)
                0x0000000008000ab4                . = ALIGN (0x4)

.init_array     0x0000000008000ab4        0x4
                0x0000000008000ab4                . = ALIGN (0x4)
                0x0000000008000ab4                PROVIDE (__init_array_start = .)
 *(SORT_BY_NAME(.init_array.*))
 *(.init_array*)
 .init_array    0x0000000008000ab4        0x4 c:/st/stm32cubeide_1.6.0/stm32cubeide/plugins/com.st.stm32cube.ide.mcu.externaltools.gnu-tools-for-stm32.9-2020-q2-update.win32_1.5.0.202011040924/tools/bin/../lib/gcc/arm-none-eabi/9.3.1/thumb/v7e-m+fp/hard/crtbegin.o
                0x0000000008000ab8                PROVIDE (__init_array_end = .)
                0x0000000008000ab8                . = ALIGN (0x4)

.fini_array     0x0000000008000ab8        0x4
                0x0000000008000ab8                . = ALIGN (0x4)
                [!provide]                        PROVIDE (__fini_array_start = .)
 *(SORT_BY_NAME(.fini_array.*))
 *(.fini_array*)
 .fini_array    0x0000000008000ab8        0x4 c:/st/stm32cubeide_1.6.0/stm32cubeide/plugins/com.st.stm32cube.ide.mcu.externaltools.gnu-tools-for-stm32.9-2020-q2-update.win32_1.5.0.202011040924/tools/bin/../lib/gcc/arm-none-eabi/9.3.1/thumb/v7e-m+fp/hard/crtbegin.o
                [!provide]                        PROVIDE (__fini_array_end = .)
                0x0000000008000abc                . = ALIGN (0x4)
                0x0000000008000abc                _sidata = LOADADDR (.data)

.data           0x0000000020000000        0x0 load address 0x0000000008000abc
                0x0000000020000000                . = ALIGN (0x4)
                0x0000000020000000                _sdata = .
 *(.data)
 *(.data*)
 *(.RamFunc)
 *(.RamFunc*)
                0x0000000020000000                . = ALIGN (0x4)
                0x0000000020000000                _edata = .

.igot.plt       0x0000000020000000        0x0 load address 0x0000000008000abc
 .igot.plt      0x0000000020000000        0x0 c:/st/stm32cubeide_1.6.0/stm32cubeide/plugins/com.st.stm32cube.ide.mcu.externaltools.gnu-tools-for-stm32.9-2020-q2-update.win32_1.5.0.202011040924/tools/bin/../lib/gcc/arm-none-eabi/9.3.1/thumb/v7e-m+fp/hard/crtbegin.o
                0x0000000020000000                . = ALIGN (0x4)

.bss            0x0000000020000000       0x1c load address 0x0000000008000abc
                0x0000000020000000                _sbss = .
                0x0000000020000000                __bss_start__ = _sbss
 *(.bss)
 .bss           0x0000000020000000       0x1c c:/st/stm32cubeide_1.6.0/stm32cubeide/plugins/com.st.stm32cube.ide.mcu.externaltools.gnu-tools-for-stm32.9-2020-q2-update.win32_1.5.0.202011040924/tools/bin/../lib/gcc/arm-none-eabi/9.3.1/thumb/v7e-m+fp/hard/crtbegin.o
 *(.bss*)
 *(COMMON)
                0x000000002000001c                . = ALIGN (0x4)
                0x000000002000001c                _ebss = .
                0x000000002000001c                __bss_end__ = _ebss

._user_heap_stack
                0x000000002000001c      0x604 load address 0x0000000008000abc
                0x0000000020000020                . = ALIGN (0x8)
 *fill*         0x000000002000001c        0x4 
                [!provide]                        PROVIDE (end = .)
                [!provide]                        PROVIDE (_end = .)
                0x0000000020000220                . = (. + _Min_Heap_Size)
 *fill*         0x0000000020000020      0x200 
                0x0000000020000620                . = (. + _Min_Stack_Size)
 *fill*         0x0000000020000220      0x400 
                0x0000000020000620                . = ALIGN (0x8)

/DISCARD/
 libc.a(*)
 libm.a(*)
 libgcc.a(*)

.ARM.attributes
                0x0000000000000000       0x30
 *(.ARM.attributes)
 .ARM.attributes
                0x0000000000000000       0x1e c:/st/stm32cubeide_1.6.0/stm32cubeide/plugins/com.st.stm32cube.ide.mcu.externaltools.gnu-tools-for-stm32.9-2020-q2-update.win32_1.5.0.202011040924/tools/bin/../lib/gcc/arm-none-eabi/9.3.1/thumb/v7e-m+fp/hard/crti.o
 .ARM.attributes
                0x000000000000001e       0x34 c:/st/stm32cubeide_1.6.0/stm32cubeide/plugins/com.st.stm32cube.ide.mcu.externaltools.gnu-tools-for-stm32.9-2020-q2-update.win32_1.5.0.202011040924/tools/bin/../lib/gcc/arm-none-eabi/9.3.1/thumb/v7e-m+fp/hard/crtbegin.o
 .ARM.attributes
                0x0000000000000052       0x34 Src/003button_interrupt.o
 .ARM.attributes
                0x0000000000000086       0x21 Startup/startup_stm32f407vgtx.o
 .ARM.attributes
                0x00000000000000a7       0x34 drivers/Src/stm32f407xx_gpio_driver.o
 .ARM.attributes
                0x00000000000000db       0x34 c:/st/stm32cubeide_1.6.0/stm32cubeide/plugins/com.st.stm32cube.ide.mcu.externaltools.gnu-tools-for-stm32.9-2020-q2-update.win32_1.5.0.202011040924/tools/bin/../lib/gcc/arm-none-eabi/9.3.1/../../../../arm-none-eabi/lib/thumb/v7e-m+fp/hard\libc_nano.a(lib_a-init.o)
 .ARM.attributes
                0x000000000000010f       0x34 c:/st/stm32cubeide_1.6.0/stm32cubeide/plugins/com.st.stm32cube.ide.mcu.externaltools.gnu-tools-for-stm32.9-2020-q2-update.win32_1.5.0.202011040924/tools/bin/../lib/gcc/arm-none-eabi/9.3.1/../../../../arm-none-eabi/lib/thumb/v7e-m+fp/hard\libc_nano.a(lib_a-memset.o)
 .ARM.attributes
                0x0000000000000143       0x1e c:/st/stm32cubeide_1.6.0/stm32cubeide/plugins/com.st.stm32cube.ide.mcu.externaltools.gnu-tools-for-stm32.9-2020-q2-update.win32_1.5.0.202011040924/tools/bin/../lib/gcc/arm-none-eabi/9.3.1/thumb/v7e-m+fp/hard/crtn.o
OUTPUT(stm32f4xx_drivers.elf elf32-littlearm)
LOAD linker stubs
LOAD c:/st/stm32cubeide_1.6.0/stm32cubeide/plugins/com.st.stm32cube.ide.mcu.externaltools.gnu-tools-for-stm32.9-2020-q2-update.win32_1.5.0.202011040924/tools/bin/../lib/gcc/arm-none-eabi/9.3.1/../../../../arm-none-eabi/lib/thumb/v7e-m+fp/hard\libc.a
LOAD c:/st/stm32cubeide_1.6.0/stm32cubeide/plugins/com.st.stm32cube.ide.mcu.externaltools.gnu-tools-for-stm32.9-2020-q2-update.win32_1.5.0.202011040924/tools/bin/../lib/gcc/arm-none-eabi/9.3.1/../../../../arm-none-eabi/lib/thumb/v7e-m+fp/hard\libm.a
LOAD c:/st/stm32cubeide_1.6.0/stm32cubeide/plugins/com.st.stm32cube.ide.mcu.externaltools.gnu-tools-for-stm32.9-2020-q2-update.win32_1.5.0.202011040924/tools/bin/../lib/gcc/arm-none-eabi/9.3.1/thumb/v7e-m+fp/hard\libgcc.a

.debug_info     0x0000000000000000     0x12a9
 .debug_info    0x0000000000000000      0xb05 Src/003button_interrupt.o
 .debug_info    0x0000000000000b05       0x22 Startup/startup_stm32f407vgtx.o
 .debug_info    0x0000000000000b27      0x782 drivers/Src/stm32f407xx_gpio_driver.o

.debug_abbrev   0x0000000000000000      0x374
 .debug_abbrev  0x0000000000000000      0x1e9 Src/003button_interrupt.o
 .debug_abbrev  0x00000000000001e9       0x12 Startup/startup_stm32f407vgtx.o
 .debug_abbrev  0x00000000000001fb      0x179 drivers/Src/stm32f407xx_gpio_driver.o

.debug_aranges  0x0000000000000000       0xc8
 .debug_aranges
                0x0000000000000000       0x30 Src/003button_interrupt.o
 .debug_aranges
                0x0000000000000030       0x28 Startup/startup_stm32f407vgtx.o
 .debug_aranges
                0x0000000000000058       0x70 drivers/Src/stm32f407xx_gpio_driver.o

.debug_ranges   0x0000000000000000       0xa0
 .debug_ranges  0x0000000000000000       0x20 Src/003button_interrupt.o
 .debug_ranges  0x0000000000000020       0x20 Startup/startup_stm32f407vgtx.o
 .debug_ranges  0x0000000000000040       0x60 drivers/Src/stm32f407xx_gpio_driver.o

.debug_macro    0x0000000000000000     0x1d86
 .debug_macro   0x0000000000000000      0x158 Src/003button_interrupt.o
 .debug_macro   0x0000000000000158      0xab4 Src/003button_interrupt.o
 .debug_macro   0x0000000000000c0c       0x22 Src/003button_interrupt.o
 .debug_macro   0x0000000000000c2e       0x8e Src/003button_interrupt.o
 .debug_macro   0x0000000000000cbc       0x51 Src/003button_interrupt.o
 .debug_macro   0x0000000000000d0d      0x103 Src/003button_interrupt.o
 .debug_macro   0x0000000000000e10       0x6a Src/003button_interrupt.o
 .debug_macro   0x0000000000000e7a      0x1df Src/003button_interrupt.o
 .debug_macro   0x0000000000001059      0x350 Src/003button_interrupt.o
 .debug_macro   0x00000000000013a9       0xc4 Src/003button_interrupt.o
 .debug_macro   0x000000000000146d       0x52 Src/003button_interrupt.o
 .debug_macro   0x00000000000014bf       0x18 Src/003button_interrupt.o
 .debug_macro   0x00000000000014d7       0x3c Src/003button_interrupt.o
 .debug_macro   0x0000000000001513       0x34 Src/003button_interrupt.o
 .debug_macro   0x0000000000001547      0x174 Src/003button_interrupt.o
 .debug_macro   0x00000000000016bb       0x16 Src/003button_interrupt.o
 .debug_macro   0x00000000000016d1       0x43 Src/003button_interrupt.o
 .debug_macro   0x0000000000001714       0x34 Src/003button_interrupt.o
 .debug_macro   0x0000000000001748       0x10 Src/003button_interrupt.o
 .debug_macro   0x0000000000001758       0x58 Src/003button_interrupt.o
 .debug_macro   0x00000000000017b0       0x71 Src/003button_interrupt.o
 .debug_macro   0x0000000000001821       0x1c Src/003button_interrupt.o
 .debug_macro   0x000000000000183d      0x12a Src/003button_interrupt.o
 .debug_macro   0x0000000000001967      0x339 Src/003button_interrupt.o
 .debug_macro   0x0000000000001ca0       0x10 Src/003button_interrupt.o
 .debug_macro   0x0000000000001cb0       0x35 Src/003button_interrupt.o
 .debug_macro   0x0000000000001ce5       0x20 Src/003button_interrupt.o
 .debug_macro   0x0000000000001d05       0x81 drivers/Src/stm32f407xx_gpio_driver.o

.debug_line     0x0000000000000000     0x1001
 .debug_line    0x0000000000000000      0x5d0 Src/003button_interrupt.o
 .debug_line    0x00000000000005d0       0x84 Startup/startup_stm32f407vgtx.o
 .debug_line    0x0000000000000654      0x9ad drivers/Src/stm32f407xx_gpio_driver.o

.debug_str      0x0000000000000000     0x8ad5
 .debug_str     0x0000000000000000     0x87b0 Src/003button_interrupt.o
                                       0x8a31 (size before relaxing)
 .debug_str     0x00000000000087b0       0x31 Startup/startup_stm32f407vgtx.o
                                         0x59 (size before relaxing)
 .debug_str     0x00000000000087e1      0x2f4 drivers/Src/stm32f407xx_gpio_driver.o
                                       0x57c0 (size before relaxing)

.comment        0x0000000000000000       0x53
 .comment       0x0000000000000000       0x53 Src/003button_interrupt.o
                                         0x54 (size before relaxing)
 .comment       0x0000000000000053       0x54 drivers/Src/stm32f407xx_gpio_driver.o

.debug_frame    0x0000000000000000      0x288
 .debug_frame   0x0000000000000000       0x74 Src/003button_interrupt.o
 .debug_frame   0x0000000000000074      0x1c8 drivers/Src/stm32f407xx_gpio_driver.o
 .debug_frame   0x000000000000023c       0x2c c:/st/stm32cubeide_1.6.0/stm32cubeide/plugins/com.st.stm32cube.ide.mcu.externaltools.gnu-tools-for-stm32.9-2020-q2-update.win32_1.5.0.202011040924/tools/bin/../lib/gcc/arm-none-eabi/9.3.1/../../../../arm-none-eabi/lib/thumb/v7e-m+fp/hard\libc_nano.a(lib_a-init.o)
 .debug_frame   0x0000000000000268       0x20 c:/st/stm32cubeide_1.6.0/stm32cubeide/plugins/com.st.stm32cube.ide.mcu.externaltools.gnu-tools-for-stm32.9-2020-q2-update.win32_1.5.0.202011040924/tools/bin/../lib/gcc/arm-none-eabi/9.3.1/../../../../arm-none-eabi/lib/thumb/v7e-m+fp/hard\libc_nano.a(lib_a-memset.o)
